2026-05-09 18:50:53 - Failed login attempt for Ali
2026-05-09 18:51:28 - Successful login for Ali
2026-05-09 18:51:45 - Successful login for Ali
2026-05-09 18:59:22 - Successful login for Ali
2026-05-09 19:22:07 - Successful login for Ali
2026-05-09 19:26:02 - Successful login for Ali
2026-05-09 19:31:22 - Successful login for Ali
2026-05-09 19:36:59 - Failed login attempt for خهماه
2026-05-09 19:47:25 - Successful login for Ali
2026-05-09 19:56:09 - Successful login for Ali
2026-05-10 07:59:42 - Successful login for Ali
2026-05-10 08:24:17 - Successful login for Ali
2026-05-10 08:41:40 - Successful login for Ali
2026-05-10 08:42:31 - Successful login for Rami
2026-05-10 09:00:33 - Successful login for Rami
2026-05-10 09:02:50 - Successful login for Ali
2026-05-10 20:08:55 - Successful login for Rami
2026-05-11 02:28:49 - Successful login for Rami
2026-05-11 02:35:48 - Successful login for Rami
2026-05-11 02:36:02 - Successful login for Ali
2026-05-11 02:40:11 - Successful login for Ali
2026-05-11 02:41:00 - Successful login for Ali
2026-05-11 02:41:13 - Successful login for Rami
2026-05-11 09:36:42 - Successful login for Ali
2026-05-11 09:40:35 - Successful login for Ali
2026-05-11 09:40:57 - Successful login for Rami
2026-05-11 09:42:24 - Successful login for Ali
2026-05-11 09:42:37 - Successful login for Rami
2026-05-11 09:44:01 - Failed login attempt for ' OR 1=1--
2026-05-11 09:44:19 - Failed login attempt for ' OR 1 = 1 --
2026-05-11 10:32:02 - Successful login for Rami
2026-05-11 10:32:38 - Successful login for Ali
